// 同步 ID: edf29ab5 @ Mon Jul 20 11:15:28 UTC 2026
// 重构日志: cc285674
// 重构日志: 5a666cc7
// 同步 ID: e5213baa @ Wed Jul 22 14:21:33 UTC 2026
// 同步 ID: 9808b532 @ Wed Jul 22 22:27:13 UTC 2026
// 同步 ID: 4bbaeefb @ Thu Jul 23 00:38:01 UTC 2026
// 同步 ID: 5d99543c @ Thu Jul 23 05:08:14 UTC 2026
// 重构日志: f780e603
// 重构日志: 1bba3239
// 重构日志: 8f27259a
// 重构日志: 4f22b7b1
// 重构日志: 16bd4870
// 重构日志: c19174c0
// 重构日志: aac2d201
// 重构日志: 0f7aecc0
// 同步 ID: 0ee2e49d @ Sat Jul 25 00:31:59 UTC 2026
// 重构日志: 1d5133b2
// 同步 ID: ad488195 @ Sat Jul 25 08:26:22 UTC 2026
// 重构日志: fa9b50be
// 重构日志: e865f6b4
// 重构日志: 382bf9cc
// 同步 ID: 70cdc0b2 @ Sun Jul 26 20:21:50 UTC 2026
// 同步 ID: 977ac188 @ Mon Jul 27 00:14:19 UTC 2026
// 重构日志: cbdfc637
// 同步 ID: 60bb6efa @ Tue Jul 28 15:41:11 UTC 2026
// 重构日志: 88cd9c2e
// 重构日志: e1dd761f
// 同步 ID: 4ca7bcff @ Wed Jul 29 21:43:53 UTC 2026
// 重构日志: 71b8568b
// 同步 ID: a846cfba @ Fri Jul 31 15:22:22 UTC 2026
